{"dt":"2018-12-11","cms_site":0,"uid":"HHC3WyM6oEm5hwlRT0hQ","iid":"GyHI4ksVR8T10a6Vw3PD"}
{"dt":"2018-12-11","cms_site":0,"uid":"HHC3WyM6oEm5hwlRT0hQ","iid":"bOXDxPDOQAw3l7ryYpWc"}
{"dt":"2018-12-11","cms_site":0,"uid":"QfDKCHB9rMgs0YzRaAki","iid":"DYjArHjK242JBBY1g6u2"}
{"dt":"2018-12-11","cms_site":0,"uid":"dFLtMVNVgxluYQ3q2ErJ","iid":"gKVXGnrE5H6pDGV1Okyx"}
{"dt":"2018-12-11","cms_site":0,"uid":"fGFNpmln7IE9Kj1Z8jMA","iid":"rphSNvf1bo3Vyeel8E34"}
{"dt":"2018-12-11","cms_site":1,"uid":"0WMGN4qJzKLYK9JKMcno","iid":"ks1IFrANf4RWd4V2Vgwz"}
{"dt":"2018-12-11","cms_site":1,"uid":"0rJMCCkKlaSFXdLqzK9y","iid":"nHI2hsQAKtqGs8Sj4Evc"}
{"dt":"2018-12-11","cms_site":1,"uid":"0u0Ze4QUZhbKGJoqTFo0","iid":"x5cCpVFMxNPnXpPzIU0z"}
{"dt":"2018-12-11","cms_site":1,"uid":"1uYkM4JV0zKZJZWkMLUb","iid":"BMFGppDHHxOOAl935xu9"}
{"dt":"2018-12-11","cms_site":1,"uid":"35Iina0WQvdzrhHbkkmq","iid":"Tu00oKfCMZ06JmM6EThL"}
{"dt":"2018-12-11","cms_site":1,"uid":"3fC4F4rVKgI6q7g3ssjw","iid":"nt0xjhQqR0zcmXiKLUcH"}
{"dt":"2018-12-11","cms_site":1,"uid":"3vHmrdrwqyi10R2agEOU","iid":"J9vRUyqBYaT1WCqc1tYO"}
{"dt":"2018-12-11","cms_site":1,"uid":"4rGcB2gsDF7VRhrG4pWv","iid":"XaxIOtM0VKphtKZIp2mh"}
{"dt":"2018-12-11","cms_site":1,"uid":"5lCy3bsQkXCcyzN5irJp","iid":"Zt39ZOZkw5wiVm373c3G"}
{"dt":"2018-12-11","cms_site":1,"uid":"5n1FjyRM7Pg5dK0alaDE","iid":"wkypeDg3ToJ4jTTGirF0"}
{"dt":"2018-12-11","cms_site":1,"uid":"7pwxzwBfDb0WOgTnab2k","iid":"8Dzg2iRW5ZdNi4NpTCTU"}
{"dt":"2018-12-11","cms_site":1,"uid":"7pwxzwBfDb0WOgTnab2k","iid":"mUdeyUZdv7uwpCGLk9hY"}
{"dt":"2018-12-11","cms_site":1,"uid":"8dXn87BSmH1sho26QwM1","iid":"uL3OB8yOcNGKEGK62vHL"}
{"dt":"2018-12-11","cms_site":1,"uid":"8gCfm9cgFff6Om0tAY8p","iid":"FHrnRlItxw7D66DbTTqV"}
{"dt":"2018-12-11","cms_site":1,"uid":"9VkRDYNgV7pcbdAKWvwd","iid":"bNE0fZjmrm4Ou7sPo1Kf"}
{"dt":"2018-12-11","cms_site":1,"uid":"9fi8SpsF7AXr8gDfKHIH","iid":"IGhUpkMdfwnYW4blpBCv"}
{"dt":"2018-12-11","cms_site":1,"uid":"AcZpPTBBMBufuAK0Yh0D","iid":"EGTo778YQ2T0QrDqAJhl"}
{"dt":"2018-12-11","cms_site":1,"uid":"BNLdca3Zc1fIPACAdGRA","iid":"dlbNGFA3zHEdfI5Kkz0T"}
{"dt":"2018-12-11","cms_site":1,"uid":"BuNps7FJ3YxXMZeUPUvI","iid":"nTaJLq290V0MLd4XVb1b"}
{"dt":"2018-12-11","cms_site":1,"uid":"BuNps7FJ3YxXMZeUPUvI","iid":"nYF6v80t8g0C3mJSU4PB"}
{"dt":"2018-12-11","cms_site":1,"uid":"Byto00HQNGAawgXc2v9z","iid":"IDFkUyczHHHImhXuEaBU"}
{"dt":"2018-12-11","cms_site":1,"uid":"D1MaDKzUYj8eGW9HjlJ5","iid":"uVJP0sswXt8rYFA2eFqJ"}
{"dt":"2018-12-11","cms_site":1,"uid":"D4gXuXoSclTJrpBdTAsn","iid":"4QjZHhKG6PuI0fmXA0T0"}
{"dt":"2018-12-11","cms_site":1,"uid":"DLL0TNDF6TtW94UCnQEa","iid":"7tS3b0MlZ08F1JF3coa0"}
{"dt":"2018-12-11","cms_site":1,"uid":"DNDYVgcjSOc5lLpFjOLo","iid":"wkZ798M25WoQjsW583WT"}
{"dt":"2018-12-11","cms_site":1,"uid":"F6yv0lwV4nphmvrEypjx","iid":"3PXA0SeqcWLyiPyw7PTL"}
{"dt":"2018-12-11","cms_site":1,"uid":"FF03fwGEGFFScNK4mUWb","iid":"wW3R89JPbETvXyFb5Aw4"}
{"dt":"2018-12-11","cms_site":1,"uid":"FK59473GTPKcusPK4lrl","iid":"y2XM0nxhtM55GWrMmlLE"}
{"dt":"2018-12-11","cms_site":1,"uid":"FunObSRhTtVHHHzazUpX","iid":"suHCLnYuZCS58rPLwrfi"}
{"dt":"2018-12-11","cms_site":1,"uid":"FySSWBJdW8mKONmJcJku","iid":"bu9jIEICpmEpTZajhlcz"}
{"dt":"2018-12-11","cms_site":1,"uid":"FzRWLW7nWbaNS01pwVw0","iid":"SkSEewVWtK2zpG66UTS2"}
{"dt":"2018-12-11","cms_site":1,"uid":"G9Mfs5zt5o60BOcvqsI6","iid":"CtxfWNvku0wXN0dglEJO"}
{"dt":"2018-12-11","cms_site":1,"uid":"GnWtjkklcTFEMILyDRZu","iid":"TkuBZCcQSvDdi91YHPIV"}
{"dt":"2018-12-11","cms_site":1,"uid":"HAi9KEXcniFQimGg7RCA","iid":"uLC6tY0nhrjsz5KAI3KY"}
{"dt":"2018-12-11","cms_site":1,"uid":"HW4LmctxDelTgvjkWI1Z","iid":"MbY3rCbQN96ys4gVD1UB"}
{"dt":"2018-12-11","cms_site":1,"uid":"HWDGbSaUHxLicO05jmjB","iid":"LgIMEo6OB0JNaal19PhY"}
{"dt":"2018-12-11","cms_site":1,"uid":"IPkwEm8qMv2EB0A0YXUO","iid":"Ym7eOqUeW2vVXBDtCK13"}
{"dt":"2018-12-11","cms_site":1,"uid":"J0aIC1nDLhuijB68PD9G","iid":"icZ9PCAnfdOt9wjMc7mh"}
{"dt":"2018-12-11","cms_site":1,"uid":"Jx40mkW7gEXo09TIGj9z","iid":"OYx9oc9JteRwA13U7JwD"}
{"dt":"2018-12-11","cms_site":1,"uid":"K1B0K95iizXi0jnOgGRN","iid":"cjmj0tndtuf9IENZspzZ"}
{"dt":"2018-12-11","cms_site":1,"uid":"K1B0K95iizXi0jnOgGRN","iid":"zfHsoUgqvkU07165Tqci"}
{"dt":"2018-12-11","cms_site":1,"uid":"Klj68RxXrSSyUKhJhZ6z","iid":"gRemYBzM8E9alUw0WO8o"}
{"dt":"2018-12-11","cms_site":1,"uid":"LqtA24Phqd0jHzKxE8Fl","iid":"hZh6Pnwcv6lLkUOIoYYX"}
{"dt":"2018-12-11","cms_site":1,"uid":"N9tJ84NSUxZxR11mTQXw","iid":"aIRVH1gmBhxnWk50ZXrv"}
{"dt":"2018-12-11","cms_site":1,"uid":"NQST3RCYkp4d7ToferIE","iid":"E70yIsHEhlr43NXiUMnU"}
{"dt":"2018-12-11","cms_site":1,"uid":"PRGwgTd5aTQYNGaRLWJU","iid":"UzOXJmRZp0pv2jKZKlHZ"}
{"dt":"2018-12-11","cms_site":1,"uid":"PTYG2Qj5ATPTWqXhNuXg","iid":"uM5V82J4TdICPlZu8nJG"}
{"dt":"2018-12-11","cms_site":1,"uid":"QQUQTaztsoe94x6S2TQ5","iid":"dAaT31J9fr34WyWJRQD8"}
{"dt":"2018-12-11","cms_site":1,"uid":"S7md5u5DlIuwXVfrTbXW","iid":"Wp8r9aLXKyfSUP8JMeGr"}
{"dt":"2018-12-11","cms_site":1,"uid":"SUIKoM8KJb60yOIFOsge","iid":"4TdOPkJdAzsI7Dn8BBd6"}
{"dt":"2018-12-11","cms_site":1,"uid":"TS8x30bIz03F91ROpBHU","iid":"VWqu8wXd2IdU3ef0vYcC"}
{"dt":"2018-12-11","cms_site":1,"uid":"VA0wfACt3v1Xg0VqT5Jp","iid":"vGHBhrGWjXQQmx939aWy"}
{"dt":"2018-12-11","cms_site":1,"uid":"Vcmnr1aIacbDkABveVUr","iid":"1cJZCvS3D9cqZNX0ROKN"}
{"dt":"2018-12-11","cms_site":1,"uid":"Wiausi0qNQM1ptJBp6c8","iid":"TMWCC4oy3z500IWh4hIm"}
{"dt":"2018-12-11","cms_site":1,"uid":"X2Kl9RO2dPdcqvbhw8iE","iid":"3tXvPg2sg4alW3GpX63D"}
{"dt":"2018-12-11","cms_site":1,"uid":"ZQ0zy49vzDKl3bLrziEf","iid":"SeHCKG8kRgsqv4eYFQ0Q"}
{"dt":"2018-12-11","cms_site":1,"uid":"ZyY5dBquGxnHGK9Tteni","iid":"n0Y6ILdY1mWFzjRQr47J"}
{"dt":"2018-12-11","cms_site":1,"uid":"aXLT59pM0Z27gPXCaM39","iid":"0et9NgCZ2l6kzX2QUw0E"}
{"dt":"2018-12-11","cms_site":1,"uid":"aXLT59pM0Z27gPXCaM39","iid":"YW6cc9e8OJ2KIyFah8DV"}
{"dt":"2018-12-11","cms_site":1,"uid":"bQjE23KFQ9kaz9Ikjl3O","iid":"f6737lXvbIzwUy63WJoN"}
{"dt":"2018-12-11","cms_site":1,"uid":"crSdXIx1X8AGoDRK7MTV","iid":"IzwhDhurq4nw3QPpQIPL"}
{"dt":"2018-12-11","cms_site":1,"uid":"crSdXIx1X8AGoDRK7MTV","iid":"e2b7rpGMXzq7NWzjyFIw"}
{"dt":"2018-12-11","cms_site":1,"uid":"dr7hO6Re6RCNcb0p2VM5","iid":"ckL57FmSgvRdVtB8SC5m"}
{"dt":"2018-12-11","cms_site":1,"uid":"eXSODDxmFjcsfCl2CJqE","iid":"ItDIZYs2whSf0pRCGm68"}
{"dt":"2018-12-11","cms_site":1,"uid":"fBvFYbPuUglG0vBVWw3b","iid":"M2qAW6eBXgC1n7wADWnm"}
{"dt":"2018-12-11","cms_site":1,"uid":"fnnPoHD1PS3v1UBAiS03","iid":"rwQMdwmAos0ILu6EDnNy"}
{"dt":"2018-12-11","cms_site":1,"uid":"fsMCVMnhm48ZpWT8tddP","iid":"BJENuNYgH1xS2C2hXeez"}
{"dt":"2018-12-11","cms_site":1,"uid":"g4qiAlfaqMz5X2naAXgA","iid":"jS06jGlQi1UgW4DL80Tj"}
{"dt":"2018-12-11","cms_site":1,"uid":"i9N9ORP0wsEMq7Qv8bVv","iid":"Xl50uaRwh4Cil4wU4aAY"}
{"dt":"2018-12-11","cms_site":1,"uid":"jb0NO6Zl9ZOuMAc02S45","iid":"M2s6mXG73U5IW9g075kG"}
{"dt":"2018-12-11","cms_site":1,"uid":"jzuQ8OwgIq7Vw1Evy9KM","iid":"YR8q1scdEbL1pEI7Ba6t"}
{"dt":"2018-12-11","cms_site":1,"uid":"k6t0Y8FiZftFcOCrenHm","iid":"o7siVZv2vrWc3Mlmi70y"}
{"dt":"2018-12-11","cms_site":1,"uid":"kkV8tWuRzbxgmRIqPZyh","iid":"F2BRLS1l06wkrf5bSA4u"}
{"dt":"2018-12-11","cms_site":1,"uid":"kknopkKS9OYpRPMJDhVh","iid":"iJK6g5lXUPZHqarnBrb6"}
{"dt":"2018-12-11","cms_site":1,"uid":"lICkw7guK2hxsaI47blQ","iid":"pfWOa8R1QWKWvRyADPRa"}
{"dt":"2018-12-11","cms_site":1,"uid":"lVLGDAF0QK3TebcwPKKG","iid":"TeFRhbkanJpKCsRBXKZk"}
{"dt":"2018-12-11","cms_site":1,"uid":"lVt0SkPk34Ww2QFVrs05","iid":"wTz0YtaAqNVD6RK07eNb"}
{"dt":"2018-12-11","cms_site":1,"uid":"lvn4grjvKTiER14NUvZI","iid":"d4FLOY5rCIemuc12h4Hc"}
{"dt":"2018-12-11","cms_site":1,"uid":"mXSl50dgic7Kf3YtU0el","iid":"P0K9cMkRWQjlHv1EEhVI"}
{"dt":"2018-12-11","cms_site":1,"uid":"nLMDCfaEX3btpsBu0pRk","iid":"su6hvNM0ZCtwgDrFXjIy"}
{"dt":"2018-12-11","cms_site":1,"uid":"pDjiTqiYBFevKPSaZXs4","iid":"Wni0IYnrtjuVMB9MQHIH"}
{"dt":"2018-12-11","cms_site":1,"uid":"sAQANwj68VZxDG4YC6Vo","iid":"vD7C60GL800skDBPVIAX"}
{"dt":"2018-12-11","cms_site":1,"uid":"sGN8lXhpTaVAxmTx95zy","iid":"KX3yL4So7gKdTaM1rNxS"}
{"dt":"2018-12-11","cms_site":1,"uid":"sY1v37GvDsidC3wGm9qT","iid":"80rW6hPSxvrBGUavTe2v"}
{"dt":"2018-12-11","cms_site":1,"uid":"t83juc4nWQGvRMOEvacw","iid":"PfGAxgXqag3hRZOGhDGl"}
{"dt":"2018-12-11","cms_site":1,"uid":"t83juc4nWQGvRMOEvacw","iid":"xXiWKc2Z20DF5fIK7xi6"}
{"dt":"2018-12-11","cms_site":1,"uid":"tZEnRZPfTGJ4ClRshWm4","iid":"BDdIRLwZ0dmMBKTNnJkN"}
{"dt":"2018-12-11","cms_site":1,"uid":"tqD4OwflsN3QiuzZRn90","iid":"HEmVjCRYbqhpeqgfVgqf"}
{"dt":"2018-12-11","cms_site":1,"uid":"tshtFV76Zw5jjhySF3bl","iid":"XoZGHxWudiq8xhRrCs00"}
{"dt":"2018-12-11","cms_site":1,"uid":"wbBHHSURMfomaTmlox8s","iid":"6N3sEB9vm0LkBXErtm9g"}
{"dt":"2018-12-11","cms_site":1,"uid":"xNBOIvbJsX5CKxaFLnjP","iid":"kEnnt4xe0feCvOQpwS7U"}
{"dt":"2018-12-11","cms_site":1,"uid":"xYhPASozjBA23K9Bdn8e","iid":"l6aTRyc8icZRp64JhMe6"}
{"dt":"2018-12-11","cms_site":1,"uid":"xwdU4EQYiryr4raNSc6r","iid":"qxK6vy8F4SgJmUkNJ05q"}
{"dt":"2018-12-11","cms_site":1,"uid":"yoc1RTzJDHLHWfV8nN8C","iid":"J69fMQZnKQ1qGREssf6g"}
{"dt":"2018-12-11","cms_site":1,"uid":"zZVJB2y0XYC2QnkLli7E","iid":"zGxFprtcqixxxxxxxTFr"}
{"dt":"2018-12-12","cms_site":0,"uid":"HHC3WyM6oEm5hwlRT0hQ","iid":"GyHI4ksVR8T10a6Vw3PD"}
{"dt":"2018-12-12","cms_site":0,"uid":"HHC3WyM6oEm5hwlRT0hQ","iid":"bOXDxPDOQAw3l7ryYpWc"}
{"dt":"2018-12-12","cms_site":0,"uid":"QfDKCHB9rMgs0YzRaAki","iid":"DYjArHjK242JBBY1g6u2"}
{"dt":"2018-12-12","cms_site":0,"uid":"dFLtMVNVgxluYQ3q2ErJ","iid":"gKVXGnrE5H6pDGV1Okyx"}
{"dt":"2018-12-12","cms_site":0,"uid":"fGFNpmln7IE9Kj1Z8jMA","iid":"rphSNxxxxo3Vyeel8E34"}
{"dt":"2018-12-12","cms_site":1,"uid":"0WMGN4qJzKLYK9JKMcno","iid":"ks1IFrANf4RWd4V2Vgwz"}
{"dt":"2018-12-12","cms_site":1,"uid":"0rJMCCkKlaSFXdLqzK9y","iid":"nHI2hsQAKtqGs8Sj4Evc"}
{"dt":"2018-12-12","cms_site":1,"uid":"0u0Ze4QUZhbKGJoqTFo0","iid":"x5cCpVFMxNPnXpPzIU0z"}
{"dt":"2018-12-12","cms_site":1,"uid":"1uYkM4JV0zKZJZWkMLUb","iid":"BMFGppDHHxOOAl935xu9"}
{"dt":"2018-12-12","cms_site":1,"uid":"35Iina0WQvdzrhHbkkmq","iid":"Tu00oKfCMZ06JmM6EThL"}
{"dt":"2018-12-12","cms_site":1,"uid":"3fC4F4rVKgI6q7g3ssjw","iid":"nt0xjhQqR0zcmXiKLUcH"}
{"dt":"2018-12-12","cms_site":1,"uid":"3vHmrdrwqyi10R2agEOU","iid":"J9vRUyqBYaT1WCqc1tYO"}
{"dt":"2018-12-12","cms_site":1,"uid":"4rGcB2gsDF7VRhrG4pWv","iid":"XaxIOtM0VKphtKZIp2mh"}
{"dt":"2018-12-12","cms_site":1,"uid":"5lCy3bsQkXCcyzN5irJp","iid":"Zt39ZOZkw5wiVm373c3G"}
{"dt":"2018-12-12","cms_site":1,"uid":"5n1FjyRM7Pg5dK0alaDE","iid":"wkypeDg3ToJ4jTTGirF0"}
{"dt":"2018-12-12","cms_site":1,"uid":"7pwxzwBfDb0WOgTnab2k","iid":"8Dzg2iRW5ZdNi4NpTCTU"}
{"dt":"2018-12-12","cms_site":1,"uid":"7pwxzwBfDb0WOgTnab2k","iid":"mUdeyUZdv7uwpCGLk9hY"}
{"dt":"2018-12-12","cms_site":1,"uid":"8dXn87BSmH1sho26QwM1","iid":"uL3OB8yOcNGKEGK62vHL"}
{"dt":"2018-12-12","cms_site":1,"uid":"8gCfm9cgFff6Om0tAY8p","iid":"FHrnRlItxw7D66DbTTqV"}
{"dt":"2018-12-12","cms_site":1,"uid":"9VkRDYNgV7pcbdAKWvwd","iid":"bNE0fZjmrm4Ou7sPo1Kf"}
{"dt":"2018-12-12","cms_site":1,"uid":"9fi8SpsF7AXr8gDfKHIH","iid":"IGhUpkMdfwnYW4blpBCv"}
{"dt":"2018-12-12","cms_site":1,"uid":"AcZpPTBBMBufuAK0Yh0D","iid":"EGTo778YQ2T0QrDqAJhl"}
{"dt":"2018-12-12","cms_site":1,"uid":"BNLdca3Zc1fIPACAdGRA","iid":"dlbNGFA3zHEdfI5Kkz0T"}
{"dt":"2018-12-12","cms_site":1,"uid":"BuNps7FJ3YxXMZeUPUvI","iid":"nTaJLq290V0MLd4XVb1b"}
{"dt":"2018-12-12","cms_site":1,"uid":"BuNps7FJ3YxXMZeUPUvI","iid":"nYF6v80t8g0C3mJSU4PB"}
{"dt":"2018-12-12","cms_site":1,"uid":"Byto00HQNGAawgXc2v9z","iid":"IDFkUyczHHHImhXuEaBU"}
{"dt":"2018-12-12","cms_site":1,"uid":"D1MaDKzUYj8eGW9HjlJ5","iid":"uVJP0sswXt8rYFA2eFqJ"}
{"dt":"2018-12-12","cms_site":1,"uid":"D4gXuXoSclTJrpBdTAsn","iid":"4QjZHhKG6PuI0fmXA0T0"}
{"dt":"2018-12-12","cms_site":1,"uid":"DLL0TNDF6TtW94UCnQEa","iid":"7tS3b0MlZ08F1JF3coa0"}
{"dt":"2018-12-12","cms_site":1,"uid":"DNDYVgcjSOc5lLpFjOLo","iid":"wkZ798M25WoQjsW583WT"}
{"dt":"2018-12-12","cms_site":1,"uid":"F6yv0lwV4nphmvrEypjx","iid":"3PXA0SeqcWLyiPyw7PTL"}
{"dt":"2018-12-12","cms_site":1,"uid":"FF03fwGEGFFScNK4mUWb","iid":"wW3R89JPbETvXyFb5Aw4"}
{"dt":"2018-12-12","cms_site":1,"uid":"FK59473GTPKcusPK4lrl","iid":"y2XM0nxhtM55GWrMmlLE"}
{"dt":"2018-12-12","cms_site":1,"uid":"FunObSRhTtVHHHzazUpX","iid":"suHCLnYuZCS58rPLwrfi"}
{"dt":"2018-12-12","cms_site":1,"uid":"FySSWBJdW8mKONmJcJku","iid":"bu9jIEICpmEpTZajhlcz"}
{"dt":"2018-12-12","cms_site":1,"uid":"FzRWLW7nWbaNS01pwVw0","iid":"SkSEewVWtK2zpG66UTS2"}
{"dt":"2018-12-12","cms_site":1,"uid":"G9Mfs5zt5o60BOcvqsI6","iid":"CtxfWNvku0wXN0dglEJO"}
{"dt":"2018-12-12","cms_site":1,"uid":"GnWtjkklcTFEMILyDRZu","iid":"TkuBZCcQSvDdi91YHPIV"}
{"dt":"2018-12-12","cms_site":1,"uid":"HAi9KEXcniFQimGg7RCA","iid":"uLC6tY0nhrjsz5KAI3KY"}
{"dt":"2018-12-12","cms_site":1,"uid":"HW4LmctxDelTgvjkWI1Z","iid":"MbY3rCbQN96ys4gVD1UB"}
{"dt":"2018-12-12","cms_site":1,"uid":"HWDGbSaUHxLicO05jmjB","iid":"LgIMEo6OB0JNaal19PhY"}
{"dt":"2018-12-12","cms_site":1,"uid":"IPkwEm8qMv2EB0A0YXUO","iid":"Ym7eOqUeW2vVXBDtCK13"}
{"dt":"2018-12-12","cms_site":1,"uid":"J0aIC1nDLhuijB68PD9G","iid":"icZ9PCAnfdOt9wjMc7mh"}
{"dt":"2018-12-12","cms_site":1,"uid":"Jx40mkW7gEXo09TIGj9z","iid":"OYx9oc9JteRwA13U7JwD"}
{"dt":"2018-12-12","cms_site":1,"uid":"K1B0K95iizXi0jnOgGRN","iid":"cjmj0tndtuf9IENZspzZ"}
{"dt":"2018-12-12","cms_site":1,"uid":"K1B0K95iizXi0jnOgGRN","iid":"zfHsoUgqvkU07165Tqci"}
{"dt":"2018-12-12","cms_site":1,"uid":"Klj68RxXrSSyUKhJhZ6z","iid":"gRemYBzM8E9alUw0WO8o"}
{"dt":"2018-12-12","cms_site":1,"uid":"LqtA24Phqd0jHzKxE8Fl","iid":"hZh6Pnwcv6lLkUOIoYYX"}
{"dt":"2018-12-12","cms_site":1,"uid":"N9tJ84NSUxZxR11mTQXw","iid":"aIRVH1gmBhxnWk50ZXrv"}
{"dt":"2018-12-12","cms_site":1,"uid":"NQST3RCYkp4d7ToferIE","iid":"E70yIsHEhlr43NXiUMnU"}
{"dt":"2018-12-12","cms_site":1,"uid":"PRGwgTd5aTQYNGaRLWJU","iid":"UzOXJmRZp0pv2jKZKlHZ"}
{"dt":"2018-12-12","cms_site":1,"uid":"PTYG2Qj5ATPTWqXhNuXg","iid":"uM5V82J4TdICPlZu8nJG"}
{"dt":"2018-12-12","cms_site":1,"uid":"QQUQTaztsoe94x6S2TQ5","iid":"dAaT31J9fr34WyWJRQD8"}
{"dt":"2018-12-12","cms_site":1,"uid":"S7md5u5DlIuwXVfrTbXW","iid":"Wp8r9aLXKyfSUP8JMeGr"}
{"dt":"2018-12-12","cms_site":1,"uid":"SUIKoM8KJb60yOIFOsge","iid":"4TdOPkJdAzsI7Dn8BBd6"}
{"dt":"2018-12-12","cms_site":1,"uid":"TS8x30bIz03F91ROpBHU","iid":"VWqu8wXd2IdU3ef0vYcC"}
{"dt":"2018-12-12","cms_site":1,"uid":"VA0wfACt3v1Xg0VqT5Jp","iid":"vGHBhrGWjXQQmx939aWy"}
{"dt":"2018-12-12","cms_site":1,"uid":"Vcmnr1aIacbDkABveVUr","iid":"1cJZCvS3D9cqZNX0ROKN"}
{"dt":"2018-12-12","cms_site":1,"uid":"Wiausi0qNQM1ptJBp6c8","iid":"TMWCC4oy3z500IWh4hIm"}
{"dt":"2018-12-12","cms_site":1,"uid":"X2Kl9RO2dPdcqvbhw8iE","iid":"3tXvPg2sg4alW3GpX63D"}
{"dt":"2018-12-12","cms_site":1,"uid":"ZQ0zy49vzDKl3bLrziEf","iid":"SeHCKG8kRgsqv4eYFQ0Q"}
{"dt":"2018-12-12","cms_site":1,"uid":"ZyY5dBquGxnHGK9Tteni","iid":"n0Y6ILdY1mWFzjRQr47J"}
{"dt":"2018-12-12","cms_site":1,"uid":"aXLT59pM0Z27gPXCaM39","iid":"0et9NgCZ2l6kzX2QUw0E"}
{"dt":"2018-12-12","cms_site":1,"uid":"aXLT59pM0Z27gPXCaM39","iid":"YW6cc9e8OJ2KIyFah8DV"}
{"dt":"2018-12-12","cms_site":1,"uid":"bQjE23KFQ9kaz9Ikjl3O","iid":"f6737lXvbIzwUy63WJoN"}
{"dt":"2018-12-12","cms_site":1,"uid":"crSdXIx1X8AGoDRK7MTV","iid":"IzwhDhurq4nw3QPpQIPL"}
{"dt":"2018-12-12","cms_site":1,"uid":"crSdXIx1X8AGoDRK7MTV","iid":"e2b7rpGMXzq7NWzjyFIw"}
{"dt":"2018-12-12","cms_site":1,"uid":"dr7hO6Re6RCNcb0p2VM5","iid":"ckL57FmSgvRdVtB8SC5m"}
{"dt":"2018-12-12","cms_site":1,"uid":"eXSODDxmFjcsfCl2CJqE","iid":"ItDIZYs2whSf0pRCGm68"}
{"dt":"2018-12-12","cms_site":1,"uid":"fBvFYbPuUglG0vBVWw3b","iid":"M2qAW6eBXgC1n7wADWnm"}
{"dt":"2018-12-12","cms_site":1,"uid":"fnnPoHD1PS3v1UBAiS03","iid":"rwQMdwmAos0ILu6EDnNy"}
{"dt":"2018-12-12","cms_site":1,"uid":"fsMCVMnhm48ZpWT8tddP","iid":"BJENuNYgH1xS2C2hXeez"}
{"dt":"2018-12-12","cms_site":1,"uid":"g4qiAlfaqMz5X2naAXgA","iid":"jS06jGlQi1UgW4DL80Tj"}
{"dt":"2018-12-12","cms_site":1,"uid":"i9N9ORP0wsEMq7Qv8bVv","iid":"Xl50uaRwh4Cil4wU4aAY"}
{"dt":"2018-12-12","cms_site":1,"uid":"jb0NO6Zl9ZOuMAc02S45","iid":"M2s6mXG73U5IW9g075kG"}
{"dt":"2018-12-12","cms_site":1,"uid":"jzuQ8OwgIq7Vw1Evy9KM","iid":"YR8q1scdEbL1pEI7Ba6t"}
{"dt":"2018-12-12","cms_site":1,"uid":"k6t0Y8FiZftFcOCrenHm","iid":"o7siVZv2vrWc3Mlmi70y"}
{"dt":"2018-12-12","cms_site":1,"uid":"kkV8tWuRzbxgmRIqPZyh","iid":"F2BRLS1l06wkrf5bSA4u"}
{"dt":"2018-12-12","cms_site":1,"uid":"kknopkKS9OYpRPMJDhVh","iid":"iJK6g5lXUPZHqarnBrb6"}
{"dt":"2018-12-12","cms_site":1,"uid":"lICkw7guK2hxsaI47blQ","iid":"pfWOa8R1QWKWvRyADPRa"}
{"dt":"2018-12-12","cms_site":1,"uid":"lVLGDAF0QK3TebcwPKKG","iid":"TeFRhbkanJpKCsRBXKZk"}
{"dt":"2018-12-12","cms_site":1,"uid":"lVt0SkPk34Ww2QFVrs05","iid":"wTz0YtaAqNVD6RK07eNb"}
{"dt":"2018-12-12","cms_site":1,"uid":"lvn4grjvKTiER14NUvZI","iid":"d4FLOY5rCIemuc12h4Hc"}
{"dt":"2018-12-12","cms_site":1,"uid":"mXSl50dgic7Kf3YtU0el","iid":"P0K9cMkRWQjlHv1EEhVI"}
{"dt":"2018-12-12","cms_site":1,"uid":"nLMDCfaEX3btpsBu0pRk","iid":"su6hvNM0ZCtwgDrFXjIy"}
{"dt":"2018-12-12","cms_site":1,"uid":"pDjiTqiYBFevKPSaZXs4","iid":"Wni0IYnrtjuVMB9MQHIH"}
{"dt":"2018-12-12","cms_site":1,"uid":"sAQANwj68VZxDG4YC6Vo","iid":"vD7C60GL800skDBPVIAX"}
{"dt":"2018-12-12","cms_site":1,"uid":"sGN8lXhpTaVAxmTx95zy","iid":"KX3yL4So7gKdTaM1rNxS"}
{"dt":"2018-12-12","cms_site":1,"uid":"sY1v37GvDsidC3wGm9qT","iid":"80rW6hPSxvrBGUavTe2v"}
{"dt":"2018-12-12","cms_site":1,"uid":"t83juc4nWQGvRMOEvacw","iid":"PfGAxgXqag3hRZOGhDGl"}
{"dt":"2018-12-12","cms_site":1,"uid":"t83juc4nWQGvRMOEvacw","iid":"xXiWKc2Z20DF5fIK7xi6"}
{"dt":"2018-12-12","cms_site":1,"uid":"tZEnRZPfTGJ4ClRshWm4","iid":"BDdIRLwZ0dmMBKTNnJkN"}
{"dt":"2018-12-12","cms_site":1,"uid":"tqD4OwflsN3QiuzZRn90","iid":"HEmVjCRYbqhpeqgfVgqf"}
{"dt":"2018-12-12","cms_site":1,"uid":"tshtFV76Zw5jjhySF3bl","iid":"XoZGHxWudiq8xhRrCs00"}
{"dt":"2018-12-12","cms_site":1,"uid":"wbBHHSURMfomaTmlox8s","iid":"6N3sEB9vm0LkBXErtm9g"}
{"dt":"2018-12-12","cms_site":1,"uid":"xNBOIvbJsX5CKxaFLnjP","iid":"kEnnt4xe0feCvOQpwS7U"}
{"dt":"2018-12-12","cms_site":1,"uid":"xYhPASozjBA23K9Bdn8e","iid":"l6aTRyc8icZRp64JhMe6"}
{"dt":"2018-12-12","cms_site":1,"uid":"xwdU4EQYiryr4raNSc6r","iid":"qxK6vy8F4SgJmUkNJ05q"}
{"dt":"2018-12-12","cms_site":1,"uid":"yoc1RTzJDHLHWfV8nN8C","iid":"J69fMQZnKQ1qGREssf6g"}
{"dt":"2018-12-12","cms_site":1,"uid":"zZVJB2y0XYC2QnkLli7E","iid":"zGxFprtcqiRG7FgDmTFr"}