{"id":"1","type":"A","action_time":"2014-01-01T23:00:01.000+0000"}
{"id":"1","type":"A","action_time":"2014-01-01T23:00:01.000+0000"}
{"id":"1","type":"A","action_time":"2014-10-13T12:40:32.000+0000"}
{"id":"1","type":"A","action_time":"2014-11-30T12:40:32.000+0000"}
{"id":"2","type":"A","action_time":"2016-12-29T09:54:00.000Z"}
{"id":"2","type":"A","action_time":"2016-05-09T10:12:43.000+0000"}